// Jest Snapshot v1, https://goo.gl/fbAQLP

exports[`Prueba de HookApp debe renderizar HookApp 1`] = `
<div>
  <h1>
    Hola Mundo
  </h1>
</div>
`;
