// Jest Snapshot v1, https://goo.gl/fbAQLP

exports[`Pruebas de TodoListItem debe renderizar correctamente 1`] = `
<li
  className="list-group-item"
  key="2"
>
  <p
    className="false"
    onClick={[Function]}
  >
    2
    . 
    Otra cosa
  </p>
  <button
    className="btn btn-danger"
    onClick={[Function]}
  >
    Borrar
  </button>
</li>
`;
